W20260727 01:06:07.243990 128001155372544 simple_timer.cpp:55] [rocprofv3] tool initialization ::     0.011140 sec
W20260727 01:06:07.244242 128001155372544 simple_timer.cpp:55] [rocprofv3] '/home/homelab1/coding-local/ultimateLLM/uLLM-aq4-p3-deployment-build-target-c4c9a9b3/release/ullm-aq4-decode-step-profile 1339 --warmup 6 --measured 32' ::     0.000000 sec
W20260727 01:06:07.255473 128001155372544 tool.cpp:2422] HIP (runtime) version 7.2.0 initialized (instance=0)
W20260727 01:06:07.385019 128001155372544 tool.cpp:2422] HSA version 8.20.1 initialized (instance=0)
W20260727 01:06:18.357762 128001155372544 tool.cpp:2422] MARKER (ROCTx) version 1.1.0 initialized (instance=0)
W20260727 01:06:18.875347 128001155372544 simple_timer.cpp:55] [rocprofv3] '/home/homelab1/coding-local/ultimateLLM/uLLM-aq4-p3-deployment-build-target-c4c9a9b3/release/ullm-aq4-decode-step-profile 1339 --warmup 6 --measured 32' ::    11.631105 sec
E20260727 01:06:18.918083 128001155372544 output_stream.cpp:111] Opened result file: /home/homelab1/coding-local/ultimateLLM/uLLM-project/benchmarks/results/2026-07-26/attention-redesign-shipping/phase1/current-p3-compatible-c1339-20260726T160603Z/rocprof/aq4-p3-c1339_kernel_stats.csv
E20260727 01:06:18.918502 128001155372544 output_stream.cpp:111] Opened result file: /home/homelab1/coding-local/ultimateLLM/uLLM-project/benchmarks/results/2026-07-26/attention-redesign-shipping/phase1/current-p3-compatible-c1339-20260726T160603Z/rocprof/aq4-p3-c1339_kernel_trace.csv
E20260727 01:06:19.075468 128001155372544 output_stream.cpp:111] Opened result file: /home/homelab1/coding-local/ultimateLLM/uLLM-project/benchmarks/results/2026-07-26/attention-redesign-shipping/phase1/current-p3-compatible-c1339-20260726T160603Z/rocprof/aq4-p3-c1339_hip_api_stats.csv
E20260727 01:06:19.075831 128001155372544 output_stream.cpp:111] Opened result file: /home/homelab1/coding-local/ultimateLLM/uLLM-project/benchmarks/results/2026-07-26/attention-redesign-shipping/phase1/current-p3-compatible-c1339-20260726T160603Z/rocprof/aq4-p3-c1339_hip_api_trace.csv
E20260727 01:06:19.388289 128001155372544 output_stream.cpp:111] Opened result file: /home/homelab1/coding-local/ultimateLLM/uLLM-project/benchmarks/results/2026-07-26/attention-redesign-shipping/phase1/current-p3-compatible-c1339-20260726T160603Z/rocprof/aq4-p3-c1339_memory_copy_stats.csv
E20260727 01:06:19.388532 128001155372544 output_stream.cpp:111] Opened result file: /home/homelab1/coding-local/ultimateLLM/uLLM-project/benchmarks/results/2026-07-26/attention-redesign-shipping/phase1/current-p3-compatible-c1339-20260726T160603Z/rocprof/aq4-p3-c1339_memory_copy_trace.csv
E20260727 01:06:19.430343 128001155372544 output_stream.cpp:111] Opened result file: /home/homelab1/coding-local/ultimateLLM/uLLM-project/benchmarks/results/2026-07-26/attention-redesign-shipping/phase1/current-p3-compatible-c1339-20260726T160603Z/rocprof/aq4-p3-c1339_memory_allocation_stats.csv
E20260727 01:06:19.430628 128001155372544 output_stream.cpp:111] Opened result file: /home/homelab1/coding-local/ultimateLLM/uLLM-project/benchmarks/results/2026-07-26/attention-redesign-shipping/phase1/current-p3-compatible-c1339-20260726T160603Z/rocprof/aq4-p3-c1339_memory_allocation_trace.csv
E20260727 01:06:19.452838 128001155372544 output_stream.cpp:111] Opened result file: /home/homelab1/coding-local/ultimateLLM/uLLM-project/benchmarks/results/2026-07-26/attention-redesign-shipping/phase1/current-p3-compatible-c1339-20260726T160603Z/rocprof/aq4-p3-c1339_marker_api_stats.csv
E20260727 01:06:19.453181 128001155372544 output_stream.cpp:111] Opened result file: /home/homelab1/coding-local/ultimateLLM/uLLM-project/benchmarks/results/2026-07-26/attention-redesign-shipping/phase1/current-p3-compatible-c1339-20260726T160603Z/rocprof/aq4-p3-c1339_marker_api_trace.csv
E20260727 01:06:19.460202 128001155372544 output_stream.cpp:111] Opened result file: /home/homelab1/coding-local/ultimateLLM/uLLM-project/benchmarks/results/2026-07-26/attention-redesign-shipping/phase1/current-p3-compatible-c1339-20260726T160603Z/rocprof/aq4-p3-c1339_agent_info.csv
E20260727 01:06:19.460439 128001155372544 output_stream.cpp:111] Opened result file: /home/homelab1/coding-local/ultimateLLM/uLLM-project/benchmarks/results/2026-07-26/attention-redesign-shipping/phase1/current-p3-compatible-c1339-20260726T160603Z/rocprof/aq4-p3-c1339_domain_stats.csv
W20260727 01:06:19.469801 128001155372544 simple_timer.cpp:55] [rocprofv3] output generation ::     0.583773 sec
W20260727 01:06:19.469916 128001155372544 simple_timer.cpp:55] [rocprofv3] tool finalization ::     0.584320 sec
