   Compiling version_check v0.9.5
   Compiling proc-macro2 v1.0.106
   Compiling typenum v1.20.1
   Compiling unicode-ident v1.0.24
   Compiling quote v1.0.46
   Compiling zerocopy v0.8.54
   Compiling serde_core v1.0.228
   Compiling find-msvc-tools v0.1.9
   Compiling shlex v2.0.1
   Compiling cc v1.2.65
   Compiling zmij v1.0.21
   Compiling serde v1.0.228
   Compiling generic-array v0.14.7
   Compiling serde_json v1.0.150
   Compiling rand_core v0.6.4
   Compiling memchr v2.8.2
   Compiling syn v2.0.118
   Compiling cfg-if v1.0.4
   Compiling cpufeatures v0.2.17
   Compiling itoa v1.0.18
   Compiling block-buffer v0.10.4
   Compiling crypto-common v0.1.7
   Compiling digest v0.10.7
   Compiling ullm-runtime-sys v0.1.0 (/home/hotaisle/ullm-mi300x/uLLM-project/crates/ullm-runtime-sys)
   Compiling sha2 v0.10.9
   Compiling serde_derive v1.0.228
   Compiling ppv-lite86 v0.2.21
   Compiling rand_chacha v0.3.1
warning: ullm-runtime-sys@0.1.0: In file included from /home/hotaisle/ullm-mi300x/uLLM-project/runtime/src/ullm_runtime.cpp:5:
warning: ullm-runtime-sys@0.1.0: /home/hotaisle/ullm-mi300x/uLLM-project/runtime/src/ullm_runtime_parts/part_00.inc:1884:8: warning: 'ullm_runtime_context' has a field '{anonymous}::BackendKind ullm_runtime_context::backend' whose type uses the anonymous namespace [-Wsubobject-linkage]
warning: ullm-runtime-sys@0.1.0:  1884 | struct ullm_runtime_context {
warning: ullm-runtime-sys@0.1.0:       |        ^~~~~~~~~~~~~~~~~~~~
warning: ullm-runtime-sys@0.1.0: /home/hotaisle/ullm-mi300x/uLLM-project/runtime/src/ullm_runtime_parts/part_00.inc:1890:8: warning: 'ullm_runtime_buffer' has a field '{anonymous}::BackendKind ullm_runtime_buffer::backend' whose type uses the anonymous namespace [-Wsubobject-linkage]
warning: ullm-runtime-sys@0.1.0:  1890 | struct ullm_runtime_buffer {
warning: ullm-runtime-sys@0.1.0:       |        ^~~~~~~~~~~~~~~~~~~
warning: ullm-runtime-sys@0.1.0: /home/hotaisle/ullm-mi300x/uLLM-project/runtime/src/ullm_runtime_parts/part_00.inc:1897:8: warning: 'ullm_runtime_stream' has a field '{anonymous}::BackendKind ullm_runtime_stream::backend' whose type uses the anonymous namespace [-Wsubobject-linkage]
warning: ullm-runtime-sys@0.1.0:  1897 | struct ullm_runtime_stream {
warning: ullm-runtime-sys@0.1.0:       |        ^~~~~~~~~~~~~~~~~~~
   Compiling ullm-engine v0.1.0 (/home/hotaisle/ullm-mi300x/uLLM-project/crates/ullm-engine)
warning: method `bundle` is never used
   --> crates/ullm-engine/src/sq8_fp32_reference.rs:227:19
    |
190 | impl ArtifactFp32VerifiedInputs {
    | ------------------------------- method in this implementation
...
227 |     pub(crate) fn bundle(&self, tensor_name: &str) -> Result<&PassthroughPayloadBundle, String> {
    |                   ^^^^^^
    |
    = note: `#[warn(dead_code)]` (part of `#[warn(unused)]`) on by default

warning: `ullm-engine` (lib) generated 1 warning
    Finished `release` profile [optimized] target(s) in 56.70s
