/home/homelab1/coding-local/ultimateLLM/uLLM-project/tools/hw-microbench-rdna4-cdna3.hip.cpp:69:21: warning: ignoring return value of type 'hipError_t' declared with 'nodiscard' attribute [-Wunused-value]
   69 |     ~EventTimer() { hipEventDestroy(start_); hipEventDestroy(stop_); }
      |                     ^~~~~~~~~~~~~~~~~~~~~~~
/home/homelab1/coding-local/ultimateLLM/uLLM-project/tools/hw-microbench-rdna4-cdna3.hip.cpp:69:46: warning: ignoring return value of type 'hipError_t' declared with 'nodiscard' attribute [-Wunused-value]
   69 |     ~EventTimer() { hipEventDestroy(start_); hipEventDestroy(stop_); }
      |                                              ^~~~~~~~~~~~~~~~~~~~~~
/home/homelab1/coding-local/ultimateLLM/uLLM-project/tools/hw-microbench-rdna4-cdna3.hip.cpp:57:33: warning: ignoring return value of type 'hipError_t' declared with 'nodiscard' attribute [-Wunused-value]
   57 |     ~DeviceBuffer() { if (ptr_) hipFree(ptr_); }
      |                                 ^~~~~~~~~~~~~
/home/homelab1/coding-local/ultimateLLM/uLLM-project/tools/hw-microbench-rdna4-cdna3.hip.cpp:199:28: note: in instantiation of member function '(anonymous namespace)::DeviceBuffer<unsigned short>::~DeviceBuffer' requested here
  199 |     DeviceBuffer<uint16_t> da(a_bf.size()), db(b_bf.size()); DeviceBuffer<uint8_t> dfa(a_fp.size()), dfb(b_fp.size()); DeviceBuffer<float> dc(m * n);
      |                            ^
/home/homelab1/coding-local/ultimateLLM/uLLM-project/tools/hw-microbench-rdna4-cdna3.hip.cpp:57:33: warning: ignoring return value of type 'hipError_t' declared with 'nodiscard' attribute [-Wunused-value]
   57 |     ~DeviceBuffer() { if (ptr_) hipFree(ptr_); }
      |                                 ^~~~~~~~~~~~~
/home/homelab1/coding-local/ultimateLLM/uLLM-project/tools/hw-microbench-rdna4-cdna3.hip.cpp:199:84: note: in instantiation of member function '(anonymous namespace)::DeviceBuffer<unsigned char>::~DeviceBuffer' requested here
  199 |     DeviceBuffer<uint16_t> da(a_bf.size()), db(b_bf.size()); DeviceBuffer<uint8_t> dfa(a_fp.size()), dfb(b_fp.size()); DeviceBuffer<float> dc(m * n);
      |                                                                                    ^
/home/homelab1/coding-local/ultimateLLM/uLLM-project/tools/hw-microbench-rdna4-cdna3.hip.cpp:57:33: warning: ignoring return value of type 'hipError_t' declared with 'nodiscard' attribute [-Wunused-value]
   57 |     ~DeviceBuffer() { if (ptr_) hipFree(ptr_); }
      |                                 ^~~~~~~~~~~~~
/home/homelab1/coding-local/ultimateLLM/uLLM-project/tools/hw-microbench-rdna4-cdna3.hip.cpp:199:140: note: in instantiation of member function '(anonymous namespace)::DeviceBuffer<float>::~DeviceBuffer' requested here
  199 |     DeviceBuffer<uint16_t> da(a_bf.size()), db(b_bf.size()); DeviceBuffer<uint8_t> dfa(a_fp.size()), dfb(b_fp.size()); DeviceBuffer<float> dc(m * n);
      |                                                                                                                                            ^
5 warnings generated when compiling for gfx1201.
/home/homelab1/coding-local/ultimateLLM/uLLM-project/tools/hw-microbench-rdna4-cdna3.hip.cpp:69:21: warning: ignoring return value of type 'hipError_t' declared with 'nodiscard' attribute [-Wunused-value]
   69 |     ~EventTimer() { hipEventDestroy(start_); hipEventDestroy(stop_); }
      |                     ^~~~~~~~~~~~~~~~~~~~~~~
/home/homelab1/coding-local/ultimateLLM/uLLM-project/tools/hw-microbench-rdna4-cdna3.hip.cpp:69:46: warning: ignoring return value of type 'hipError_t' declared with 'nodiscard' attribute [-Wunused-value]
   69 |     ~EventTimer() { hipEventDestroy(start_); hipEventDestroy(stop_); }
      |                                              ^~~~~~~~~~~~~~~~~~~~~~
/home/homelab1/coding-local/ultimateLLM/uLLM-project/tools/hw-microbench-rdna4-cdna3.hip.cpp:57:33: warning: ignoring return value of type 'hipError_t' declared with 'nodiscard' attribute [-Wunused-value]
   57 |     ~DeviceBuffer() { if (ptr_) hipFree(ptr_); }
      |                                 ^~~~~~~~~~~~~
/home/homelab1/coding-local/ultimateLLM/uLLM-project/tools/hw-microbench-rdna4-cdna3.hip.cpp:199:28: note: in instantiation of member function '(anonymous namespace)::DeviceBuffer<unsigned short>::~DeviceBuffer' requested here
  199 |     DeviceBuffer<uint16_t> da(a_bf.size()), db(b_bf.size()); DeviceBuffer<uint8_t> dfa(a_fp.size()), dfb(b_fp.size()); DeviceBuffer<float> dc(m * n);
      |                            ^
/home/homelab1/coding-local/ultimateLLM/uLLM-project/tools/hw-microbench-rdna4-cdna3.hip.cpp:57:33: warning: ignoring return value of type 'hipError_t' declared with 'nodiscard' attribute [-Wunused-value]
   57 |     ~DeviceBuffer() { if (ptr_) hipFree(ptr_); }
      |                                 ^~~~~~~~~~~~~
/home/homelab1/coding-local/ultimateLLM/uLLM-project/tools/hw-microbench-rdna4-cdna3.hip.cpp:199:84: note: in instantiation of member function '(anonymous namespace)::DeviceBuffer<unsigned char>::~DeviceBuffer' requested here
  199 |     DeviceBuffer<uint16_t> da(a_bf.size()), db(b_bf.size()); DeviceBuffer<uint8_t> dfa(a_fp.size()), dfb(b_fp.size()); DeviceBuffer<float> dc(m * n);
      |                                                                                    ^
/home/homelab1/coding-local/ultimateLLM/uLLM-project/tools/hw-microbench-rdna4-cdna3.hip.cpp:57:33: warning: ignoring return value of type 'hipError_t' declared with 'nodiscard' attribute [-Wunused-value]
   57 |     ~DeviceBuffer() { if (ptr_) hipFree(ptr_); }
      |                                 ^~~~~~~~~~~~~
/home/homelab1/coding-local/ultimateLLM/uLLM-project/tools/hw-microbench-rdna4-cdna3.hip.cpp:199:140: note: in instantiation of member function '(anonymous namespace)::DeviceBuffer<float>::~DeviceBuffer' requested here
  199 |     DeviceBuffer<uint16_t> da(a_bf.size()), db(b_bf.size()); DeviceBuffer<uint8_t> dfa(a_fp.size()), dfb(b_fp.size()); DeviceBuffer<float> dc(m * n);
      |                                                                                                                                            ^
5 warnings generated when compiling for host.
