warning: ullm-runtime-sys@0.1.0: In file included from /home/hotaisle/ullm-mi300x/uLLM-project/runtime/src/ullm_runtime.cpp:5:
warning: ullm-runtime-sys@0.1.0: /home/hotaisle/ullm-mi300x/uLLM-project/runtime/src/ullm_runtime_parts/part_00.inc:1884:8: warning: 'ullm_runtime_context' has a field '{anonymous}::BackendKind ullm_runtime_context::backend' whose type uses the anonymous namespace [-Wsubobject-linkage]
warning: ullm-runtime-sys@0.1.0:  1884 | struct ullm_runtime_context {
warning: ullm-runtime-sys@0.1.0:       |        ^~~~~~~~~~~~~~~~~~~~
warning: ullm-runtime-sys@0.1.0: /home/hotaisle/ullm-mi300x/uLLM-project/runtime/src/ullm_runtime_parts/part_00.inc:1890:8: warning: 'ullm_runtime_buffer' has a field '{anonymous}::BackendKind ullm_runtime_buffer::backend' whose type uses the anonymous namespace [-Wsubobject-linkage]
warning: ullm-runtime-sys@0.1.0:  1890 | struct ullm_runtime_buffer {
warning: ullm-runtime-sys@0.1.0:       |        ^~~~~~~~~~~~~~~~~~~
warning: ullm-runtime-sys@0.1.0: /home/hotaisle/ullm-mi300x/uLLM-project/runtime/src/ullm_runtime_parts/part_00.inc:1897:8: warning: 'ullm_runtime_stream' has a field '{anonymous}::BackendKind ullm_runtime_stream::backend' whose type uses the anonymous namespace [-Wsubobject-linkage]
warning: ullm-runtime-sys@0.1.0:  1897 | struct ullm_runtime_stream {
warning: ullm-runtime-sys@0.1.0:       |        ^~~~~~~~~~~~~~~~~~~
warning: method `bundle` is never used
   --> crates/ullm-engine/src/sq8_fp32_reference.rs:227:19
    |
190 | impl ArtifactFp32VerifiedInputs {
    | ------------------------------- method in this implementation
...
227 |     pub(crate) fn bundle(&self, tensor_name: &str) -> Result<&PassthroughPayloadBundle, String> {
    |                   ^^^^^^
    |
    = note: `#[warn(dead_code)]` (part of `#[warn(unused)]`) on by default

warning: `ullm-engine` (lib) generated 1 warning
   Compiling ullm-engine v0.1.0 (/home/hotaisle/ullm-mi300x/uLLM-project/crates/ullm-engine)
    Finished `release` profile [optimized] target(s) in 1.06s
