warning: ullm-runtime-sys@0.1.0: In file included from /home/hotaisle/ullm-mi300x/uLLM-project/runtime/src/ullm_runtime.cpp:5:
warning: ullm-runtime-sys@0.1.0: /home/hotaisle/ullm-mi300x/uLLM-project/runtime/src/ullm_runtime_parts/part_00.inc:1884:8: warning: 'ullm_runtime_context' has a field '{anonymous}::BackendKind ullm_runtime_context::backend' whose type uses the anonymous namespace [-Wsubobject-linkage]
warning: ullm-runtime-sys@0.1.0:  1884 | struct ullm_runtime_context {
warning: ullm-runtime-sys@0.1.0:       |        ^~~~~~~~~~~~~~~~~~~~
warning: ullm-runtime-sys@0.1.0: /home/hotaisle/ullm-mi300x/uLLM-project/runtime/src/ullm_runtime_parts/part_00.inc:1890:8: warning: 'ullm_runtime_buffer' has a field '{anonymous}::BackendKind ullm_runtime_buffer::backend' whose type uses the anonymous namespace [-Wsubobject-linkage]
warning: ullm-runtime-sys@0.1.0:  1890 | struct ullm_runtime_buffer {
warning: ullm-runtime-sys@0.1.0:       |        ^~~~~~~~~~~~~~~~~~~
warning: ullm-runtime-sys@0.1.0: /home/hotaisle/ullm-mi300x/uLLM-project/runtime/src/ullm_runtime_parts/part_00.inc:1897:8: warning: 'ullm_runtime_stream' has a field '{anonymous}::BackendKind ullm_runtime_stream::backend' whose type uses the anonymous namespace [-Wsubobject-linkage]
warning: ullm-runtime-sys@0.1.0:  1897 | struct ullm_runtime_stream {
warning: ullm-runtime-sys@0.1.0:       |        ^~~~~~~~~~~~~~~~~~~
warning: variant `Aq4GemmWmmaGroup8RaggedM` is never constructed
  --> crates/ullm-engine/src/backend_operation_registry.rs:40:5
   |
17 | enum ProbeFaultStage {
   |      --------------- variant in this enum
...
40 |     Aq4GemmWmmaGroup8RaggedM = 22,
   |     ^^^^^^^^^^^^^^^^^^^^^^^^
   |
   = note: `ProbeFaultStage` has derived impls for the traits `Clone` and `Debug`, but these are intentionally ignored during dead code analysis
   = note: `#[warn(dead_code)]` (part of `#[warn(unused)]`) on by default

warning: method `bundle` is never used
   --> crates/ullm-engine/src/sq8_fp32_reference.rs:227:19
    |
190 | impl ArtifactFp32VerifiedInputs {
    | ------------------------------- method in this implementation
...
227 |     pub(crate) fn bundle(&self, tensor_name: &str) -> Result<&PassthroughPayloadBundle, String> {
    |                   ^^^^^^

warning: `ullm-engine` (lib test) generated 2 warnings
    Finished `test` profile [unoptimized + debuginfo] target(s) in 0.08s
     Running unittests src/lib.rs (/home/hotaisle/ullm-mi300x/results/2026-07-27/sq8-cdna3-mi300x/cargo-target/debug/deps/ullm_engine-aa0c79dea7e70f3f)

running 1 test
test sq8_gfx942_aprime::tests::b_control_hipblas_layout_oracle_reproduces_the_mi300x_tail_delta ... ok

test result: ok. 1 passed; 0 failed; 0 ignored; 0 measured; 833 filtered out; finished in 0.82s

