W20260727 01:28:10.710523 123839533016576 simple_timer.cpp:55] [rocprofv3] tool initialization ::     0.011202 sec
W20260727 01:28:10.710665 123839533016576 simple_timer.cpp:55] [rocprofv3] '/tmp/ullm-bq-aq4-grouped-13Mlo6/target/release/ullm-aq4-decode-step-profile 1339 --warmup 6 --measured 32' ::     0.000000 sec
W20260727 01:28:10.711770 123839533016576 tool.cpp:2422] HIP (runtime) version 7.2.0 initialized (instance=0)
W20260727 01:28:10.799906 123839533016576 tool.cpp:2422] HSA version 8.20.1 initialized (instance=0)
W20260727 01:28:19.719622 123839533016576 tool.cpp:2422] MARKER (ROCTx) version 1.1.0 initialized (instance=0)
W20260727 01:28:20.233142 123839533016576 simple_timer.cpp:55] [rocprofv3] '/tmp/ullm-bq-aq4-grouped-13Mlo6/target/release/ullm-aq4-decode-step-profile 1339 --warmup 6 --measured 32' ::     9.522478 sec
E20260727 01:28:20.269392 123839533016576 output_stream.cpp:111] Opened result file: /home/homelab1/coding-local/ultimateLLM/uLLM-project/benchmarks/results/2026-07-26/attention-redesign-shipping/aq4_0-grouped-trace-window-EZieKA/grouped-rocprof/aq4-grouped-c1339_kernel_stats.csv
E20260727 01:28:20.269772 123839533016576 output_stream.cpp:111] Opened result file: /home/homelab1/coding-local/ultimateLLM/uLLM-project/benchmarks/results/2026-07-26/attention-redesign-shipping/aq4_0-grouped-trace-window-EZieKA/grouped-rocprof/aq4-grouped-c1339_kernel_trace.csv
E20260727 01:28:20.422762 123839533016576 output_stream.cpp:111] Opened result file: /home/homelab1/coding-local/ultimateLLM/uLLM-project/benchmarks/results/2026-07-26/attention-redesign-shipping/aq4_0-grouped-trace-window-EZieKA/grouped-rocprof/aq4-grouped-c1339_hip_api_stats.csv
E20260727 01:28:20.423043 123839533016576 output_stream.cpp:111] Opened result file: /home/homelab1/coding-local/ultimateLLM/uLLM-project/benchmarks/results/2026-07-26/attention-redesign-shipping/aq4_0-grouped-trace-window-EZieKA/grouped-rocprof/aq4-grouped-c1339_hip_api_trace.csv
E20260727 01:28:20.717972 123839533016576 output_stream.cpp:111] Opened result file: /home/homelab1/coding-local/ultimateLLM/uLLM-project/benchmarks/results/2026-07-26/attention-redesign-shipping/aq4_0-grouped-trace-window-EZieKA/grouped-rocprof/aq4-grouped-c1339_memory_copy_stats.csv
E20260727 01:28:20.718196 123839533016576 output_stream.cpp:111] Opened result file: /home/homelab1/coding-local/ultimateLLM/uLLM-project/benchmarks/results/2026-07-26/attention-redesign-shipping/aq4_0-grouped-trace-window-EZieKA/grouped-rocprof/aq4-grouped-c1339_memory_copy_trace.csv
E20260727 01:28:20.766405 123839533016576 output_stream.cpp:111] Opened result file: /home/homelab1/coding-local/ultimateLLM/uLLM-project/benchmarks/results/2026-07-26/attention-redesign-shipping/aq4_0-grouped-trace-window-EZieKA/grouped-rocprof/aq4-grouped-c1339_memory_allocation_stats.csv
E20260727 01:28:20.766670 123839533016576 output_stream.cpp:111] Opened result file: /home/homelab1/coding-local/ultimateLLM/uLLM-project/benchmarks/results/2026-07-26/attention-redesign-shipping/aq4_0-grouped-trace-window-EZieKA/grouped-rocprof/aq4-grouped-c1339_memory_allocation_trace.csv
E20260727 01:28:20.791342 123839533016576 output_stream.cpp:111] Opened result file: /home/homelab1/coding-local/ultimateLLM/uLLM-project/benchmarks/results/2026-07-26/attention-redesign-shipping/aq4_0-grouped-trace-window-EZieKA/grouped-rocprof/aq4-grouped-c1339_marker_api_stats.csv
E20260727 01:28:20.791717 123839533016576 output_stream.cpp:111] Opened result file: /home/homelab1/coding-local/ultimateLLM/uLLM-project/benchmarks/results/2026-07-26/attention-redesign-shipping/aq4_0-grouped-trace-window-EZieKA/grouped-rocprof/aq4-grouped-c1339_marker_api_trace.csv
E20260727 01:28:20.797458 123839533016576 output_stream.cpp:111] Opened result file: /home/homelab1/coding-local/ultimateLLM/uLLM-project/benchmarks/results/2026-07-26/attention-redesign-shipping/aq4_0-grouped-trace-window-EZieKA/grouped-rocprof/aq4-grouped-c1339_agent_info.csv
E20260727 01:28:20.797673 123839533016576 output_stream.cpp:111] Opened result file: /home/homelab1/coding-local/ultimateLLM/uLLM-project/benchmarks/results/2026-07-26/attention-redesign-shipping/aq4_0-grouped-trace-window-EZieKA/grouped-rocprof/aq4-grouped-c1339_domain_stats.csv
W20260727 01:28:20.807411 123839533016576 simple_timer.cpp:55] [rocprofv3] output generation ::     0.564789 sec
W20260727 01:28:20.807523 123839533016576 simple_timer.cpp:55] [rocprofv3] tool finalization ::     0.565244 sec
