     Removed 339 files, 145.0MiB total
   Compiling version_check v0.9.5
   Compiling proc-macro2 v1.0.106
   Compiling unicode-ident v1.0.24
   Compiling quote v1.0.46
   Compiling typenum v1.20.1
   Compiling zerocopy v0.8.54
   Compiling serde_core v1.0.228
   Compiling find-msvc-tools v0.1.9
   Compiling shlex v2.0.1
   Compiling zmij v1.0.21
   Compiling serde_json v1.0.150
   Compiling serde v1.0.228
   Compiling itoa v1.0.18
   Compiling rand_core v0.6.4
   Compiling cfg-if v1.0.4
   Compiling cpufeatures v0.2.17
   Compiling memchr v2.8.2
   Compiling cc v1.2.65
   Compiling generic-array v0.14.7
   Compiling syn v2.0.118
   Compiling ullm-runtime-sys v0.1.0 (/home/homelab1/coding-local/ultimateLLM/uLLM-project/crates/ullm-runtime-sys)
   Compiling block-buffer v0.10.4
   Compiling crypto-common v0.1.7
   Compiling digest v0.10.7
   Compiling sha2 v0.10.9
   Compiling serde_derive v1.0.228
   Compiling ppv-lite86 v0.2.21
   Compiling rand_chacha v0.3.1
warning: ullm-runtime-sys@0.1.0: In file included from /home/homelab1/coding-local/ultimateLLM/uLLM-project/runtime/src/ullm_runtime_parts/part_00.inc:8,
warning: ullm-runtime-sys@0.1.0:                  from /home/homelab1/coding-local/ultimateLLM/uLLM-project/runtime/src/ullm_runtime.cpp:5:
warning: ullm-runtime-sys@0.1.0: /home/homelab1/coding-local/ultimateLLM/uLLM-project/runtime/src/ullm_runtime_parts/../parts/runtime_structs.inc:2:8: warning: 'ullm_runtime_context' has a field '{anonymous}::BackendKind ullm_runtime_context::backend' whose type uses the anonymous namespace [-Wsubobject-linkage]
warning: ullm-runtime-sys@0.1.0:     2 | struct ullm_runtime_context {
warning: ullm-runtime-sys@0.1.0:       |        ^~~~~~~~~~~~~~~~~~~~
warning: ullm-runtime-sys@0.1.0: /home/homelab1/coding-local/ultimateLLM/uLLM-project/runtime/src/ullm_runtime_parts/../parts/runtime_structs.inc:8:8: warning: 'ullm_runtime_buffer' has a field '{anonymous}::BackendKind ullm_runtime_buffer::backend' whose type uses the anonymous namespace [-Wsubobject-linkage]
warning: ullm-runtime-sys@0.1.0:     8 | struct ullm_runtime_buffer {
warning: ullm-runtime-sys@0.1.0:       |        ^~~~~~~~~~~~~~~~~~~
warning: ullm-runtime-sys@0.1.0: /home/homelab1/coding-local/ultimateLLM/uLLM-project/runtime/src/ullm_runtime_parts/../parts/runtime_structs.inc:15:8: warning: 'ullm_runtime_stream' has a field '{anonymous}::BackendKind ullm_runtime_stream::backend' whose type uses the anonymous namespace [-Wsubobject-linkage]
warning: ullm-runtime-sys@0.1.0:    15 | struct ullm_runtime_stream {
warning: ullm-runtime-sys@0.1.0:       |        ^~~~~~~~~~~~~~~~~~~
   Compiling ullm-engine v0.1.0 (/home/homelab1/coding-local/ultimateLLM/uLLM-project/crates/ullm-engine)
warning: method `forward_token_prefill_from_ple` is never used
    --> crates/ullm-engine/src/gemma4_text_executor.rs:5097:8
     |
4064 | impl Gemma4TextExecutor {
     | ----------------------- method in this implementation
...
5097 |     fn forward_token_prefill_from_ple(
     |        ^^^^^^^^^^^^^^^^^^^^^^^^^^^^^^
     |
     = note: `#[warn(dead_code)]` (part of `#[warn(unused)]`) on by default

warning: method `bundle` is never used
   --> crates/ullm-engine/src/sq8_fp32_reference.rs:227:19
    |
190 | impl ArtifactFp32VerifiedInputs {
    | ------------------------------- method in this implementation
...
227 |     pub(crate) fn bundle(&self, tensor_name: &str) -> Result<&PassthroughPayloadBundle, String> {
    |                   ^^^^^^

warning: `ullm-engine` (lib) generated 2 warnings
    Finished `release` profile [optimized] target(s) in 45.77s
