warning: ullm-runtime-sys@0.1.0: In file included from /home/homelab1/coding-local/ultimateLLM/uLLM-project/runtime/src/ullm_runtime_parts/part_00.inc:8,
warning: ullm-runtime-sys@0.1.0:                  from /home/homelab1/coding-local/ultimateLLM/uLLM-project/runtime/src/ullm_runtime.cpp:5:
warning: ullm-runtime-sys@0.1.0: /home/homelab1/coding-local/ultimateLLM/uLLM-project/runtime/src/ullm_runtime_parts/../parts/runtime_structs.inc:2:8: warning: 'ullm_runtime_context' has a field '{anonymous}::BackendKind ullm_runtime_context::backend' whose type uses the anonymous namespace [-Wsubobject-linkage]
warning: ullm-runtime-sys@0.1.0:     2 | struct ullm_runtime_context {
warning: ullm-runtime-sys@0.1.0:       |        ^~~~~~~~~~~~~~~~~~~~
warning: ullm-runtime-sys@0.1.0: /home/homelab1/coding-local/ultimateLLM/uLLM-project/runtime/src/ullm_runtime_parts/../parts/runtime_structs.inc:8:8: warning: 'ullm_runtime_buffer' has a field '{anonymous}::BackendKind ullm_runtime_buffer::backend' whose type uses the anonymous namespace [-Wsubobject-linkage]
warning: ullm-runtime-sys@0.1.0:     8 | struct ullm_runtime_buffer {
warning: ullm-runtime-sys@0.1.0:       |        ^~~~~~~~~~~~~~~~~~~
warning: ullm-runtime-sys@0.1.0: /home/homelab1/coding-local/ultimateLLM/uLLM-project/runtime/src/ullm_runtime_parts/../parts/runtime_structs.inc:15:8: warning: 'ullm_runtime_stream' has a field '{anonymous}::BackendKind ullm_runtime_stream::backend' whose type uses the anonymous namespace [-Wsubobject-linkage]
warning: ullm-runtime-sys@0.1.0:    15 | struct ullm_runtime_stream {
warning: ullm-runtime-sys@0.1.0:       |        ^~~~~~~~~~~~~~~~~~~
warning: method `forward_token_prefill_from_ple` is never used
    --> crates/ullm-engine/src/gemma4_text_executor.rs:5097:8
     |
4064 | impl Gemma4TextExecutor {
     | ----------------------- method in this implementation
...
5097 |     fn forward_token_prefill_from_ple(
     |        ^^^^^^^^^^^^^^^^^^^^^^^^^^^^^^
     |
     = note: `#[warn(dead_code)]` (part of `#[warn(unused)]`) on by default

warning: method `bundle` is never used
   --> crates/ullm-engine/src/sq8_fp32_reference.rs:227:19
    |
190 | impl ArtifactFp32VerifiedInputs {
    | ------------------------------- method in this implementation
...
227 |     pub(crate) fn bundle(&self, tensor_name: &str) -> Result<&PassthroughPayloadBundle, String> {
    |                   ^^^^^^

warning: `ullm-engine` (lib) generated 2 warnings
   Compiling ullm-engine v0.1.0 (/home/homelab1/coding-local/ultimateLLM/uLLM-project/crates/ullm-engine)
    Finished `release` profile [optimized] target(s) in 0.54s
