W20260728 12:29:01.096276 129744901721792 simple_timer.cpp:55] [rocprofv3] tool initialization ::     0.001608 sec
W20260728 12:29:01.096368 129744901721792 simple_timer.cpp:55] [rocprofv3] 'target/release/ullm-gemma4-resident --model-dir /home/homelab1/datapool/ai_models/safetensors/gemma-4-E2B --output benchmarks/results/2026-07-28/gemma4-reader-hardware-limits-v0.1/raw/profile-n512.json --mode attention-profile --benchmark-prompt-tokens 512' ::     0.000000 sec
W20260728 12:29:01.771675 129744901721792 tool.cpp:2422] HSA version 8.20.1 initialized (instance=0)
W20260728 12:29:23.802289 129744901721792 simple_timer.cpp:55] [rocprofv3] 'target/release/ullm-gemma4-resident --model-dir /home/homelab1/datapool/ai_models/safetensors/gemma-4-E2B --output benchmarks/results/2026-07-28/gemma4-reader-hardware-limits-v0.1/raw/profile-n512.json --mode attention-profile --benchmark-prompt-tokens 512' ::    22.705921 sec
W20260728 12:29:23.843191 129744901721792 generateRocpd.cpp:582] writing SQL database for process 4159819 on node 2202923082
E20260728 12:29:23.844388 129744901721792 generateRocpd.cpp:605] Opened result file: benchmarks/results/2026-07-28/gemma4-reader-hardware-limits-v0.1/raw/trace-n512/homelab1-WRX80-Creator/4159819_results.db (UUID=00000cef-9575-7575-9932-2b1ed1489802)
W20260728 12:29:24.715677 129744901721792 simple_timer.cpp:55] SQLite3 generation :: rocpd_string             ::     0.023559 sec
W20260728 12:29:24.726310 129744901721792 simple_timer.cpp:55] SQLite3 generation :: rocpd_info_node          ::     0.010616 sec
W20260728 12:29:24.742768 129744901721792 simple_timer.cpp:55] SQLite3 generation :: rocpd_info_process       ::     0.016444 sec
W20260728 12:29:24.779165 129744901721792 simple_timer.cpp:55] SQLite3 generation :: rocpd_info_agent         ::     0.014220 sec
W20260728 12:29:24.779189 129744901721792 simple_timer.cpp:55] SQLite3 generation :: rocpd_info_pmc           ::     0.000008 sec
W20260728 12:29:24.792159 129744901721792 simple_timer.cpp:55] SQLite3 generation :: rocpd kernel info        ::     0.012964 sec
W20260728 12:29:24.792173 129744901721792 simple_timer.cpp:55] SQLite3 generation :: rocpd_region             ::     0.000001 sec
W20260728 12:29:27.794036 129744901721792 simple_timer.cpp:55] SQLite3 generation :: rocpd_kernel_dispatch    ::     3.001853 sec
W20260728 12:29:27.794064 129744901721792 simple_timer.cpp:55] SQLite3 generation :: rocpd_pmc_event          ::     0.000000 sec
W20260728 12:29:27.794069 129744901721792 simple_timer.cpp:55] SQLite3 generation :: rocpd_memory_copy        ::     0.000000 sec
W20260728 12:29:27.794073 129744901721792 simple_timer.cpp:55] SQLite3 generation :: rocpd_memory_allocate    ::     0.000001 sec
W20260728 12:29:27.794353 129744901721792 simple_timer.cpp:55] SQLite3 generation :: SQL indexing             ::     0.000276 sec
W20260728 12:29:27.795237 129744901721792 simple_timer.cpp:55] SQLite3 generation :: total                    ::     3.952047 sec
W20260728 12:29:27.798440 129744901721792 simple_timer.cpp:55] [rocprofv3] output generation ::     3.994621 sec
W20260728 12:29:27.798481 129744901721792 simple_timer.cpp:55] [rocprofv3] tool finalization ::     3.994731 sec
