W20260728 12:29:27.949901 123450123345600 simple_timer.cpp:55] [rocprofv3] tool initialization ::     0.001733 sec
W20260728 12:29:27.949993 123450123345600 simple_timer.cpp:55] [rocprofv3] 'target/release/ullm-gemma4-resident --model-dir /home/homelab1/datapool/ai_models/safetensors/gemma-4-E2B --output benchmarks/results/2026-07-28/gemma4-reader-hardware-limits-v0.1/raw/profile-n2048.json --mode attention-profile --benchmark-prompt-tokens 2048' ::     0.000000 sec
W20260728 12:29:28.625800 123450123345600 tool.cpp:2422] HSA version 8.20.1 initialized (instance=0)
W20260728 12:30:47.870970 123450123345600 simple_timer.cpp:55] [rocprofv3] 'target/release/ullm-gemma4-resident --model-dir /home/homelab1/datapool/ai_models/safetensors/gemma-4-E2B --output benchmarks/results/2026-07-28/gemma4-reader-hardware-limits-v0.1/raw/profile-n2048.json --mode attention-profile --benchmark-prompt-tokens 2048' ::    79.920976 sec
W20260728 12:30:47.891896 123450123345600 generateRocpd.cpp:582] writing SQL database for process 4161688 on node 2202923082
E20260728 12:30:47.892840 123450123345600 generateRocpd.cpp:605] Opened result file: benchmarks/results/2026-07-28/gemma4-reader-hardware-limits-v0.1/raw/trace-n2048/homelab1-WRX80-Creator/4161688_results.db (UUID=00000cef-fe5a-7e5a-8182-1ccde9b2f1f5)
W20260728 12:30:48.525172 123450123345600 simple_timer.cpp:55] SQLite3 generation :: rocpd_string             ::     0.019492 sec
W20260728 12:30:48.533021 123450123345600 simple_timer.cpp:55] SQLite3 generation :: rocpd_info_node          ::     0.007827 sec
W20260728 12:30:48.545774 123450123345600 simple_timer.cpp:55] SQLite3 generation :: rocpd_info_process       ::     0.012739 sec
W20260728 12:30:48.574110 123450123345600 simple_timer.cpp:55] SQLite3 generation :: rocpd_info_agent         ::     0.012972 sec
W20260728 12:30:48.574137 123450123345600 simple_timer.cpp:55] SQLite3 generation :: rocpd_info_pmc           ::     0.000009 sec
W20260728 12:30:48.587044 123450123345600 simple_timer.cpp:55] SQLite3 generation :: rocpd kernel info        ::     0.012898 sec
W20260728 12:30:48.587058 123450123345600 simple_timer.cpp:55] SQLite3 generation :: rocpd_region             ::     0.000002 sec
W20260728 12:30:59.425528 123450123345600 simple_timer.cpp:55] SQLite3 generation :: rocpd_kernel_dispatch    ::    10.838461 sec
W20260728 12:30:59.425554 123450123345600 simple_timer.cpp:55] SQLite3 generation :: rocpd_pmc_event          ::     0.000000 sec
W20260728 12:30:59.425559 123450123345600 simple_timer.cpp:55] SQLite3 generation :: rocpd_memory_copy        ::     0.000001 sec
W20260728 12:30:59.425564 123450123345600 simple_timer.cpp:55] SQLite3 generation :: rocpd_memory_allocate    ::     0.000001 sec
W20260728 12:30:59.425729 123450123345600 simple_timer.cpp:55] SQLite3 generation :: SQL indexing             ::     0.000129 sec
W20260728 12:30:59.426524 123450123345600 simple_timer.cpp:55] SQLite3 generation :: total                    ::    11.534629 sec
W20260728 12:30:59.432126 123450123345600 simple_timer.cpp:55] [rocprofv3] output generation ::    11.557225 sec
W20260728 12:30:59.432186 123450123345600 simple_timer.cpp:55] [rocprofv3] tool finalization ::    11.557344 sec
