/home/hotaisle/ck_lds_gemm.cpp:61:5: warning: ignoring return value of type 'hipError_t' declared with 'nodiscard' attribute [-Wunused-value]
   61 |     hipFree(bs); hipFree(as); hipFree(c); hipFree(b); hipFree(a);
      |     ^~~~~~~~~~~
/home/hotaisle/ck_lds_gemm.cpp:61:18: warning: ignoring return value of type 'hipError_t' declared with 'nodiscard' attribute [-Wunused-value]
   61 |     hipFree(bs); hipFree(as); hipFree(c); hipFree(b); hipFree(a);
      |                  ^~~~~~~~~~~
/home/hotaisle/ck_lds_gemm.cpp:61:31: warning: ignoring return value of type 'hipError_t' declared with 'nodiscard' attribute [-Wunused-value]
   61 |     hipFree(bs); hipFree(as); hipFree(c); hipFree(b); hipFree(a);
      |                               ^~~~~~~~~~
/home/hotaisle/ck_lds_gemm.cpp:61:43: warning: ignoring return value of type 'hipError_t' declared with 'nodiscard' attribute [-Wunused-value]
   61 |     hipFree(bs); hipFree(as); hipFree(c); hipFree(b); hipFree(a);
      |                                           ^~~~~~~~~~
/home/hotaisle/ck_lds_gemm.cpp:61:55: warning: ignoring return value of type 'hipError_t' declared with 'nodiscard' attribute [-Wunused-value]
   61 |     hipFree(bs); hipFree(as); hipFree(c); hipFree(b); hipFree(a);
      |                                                       ^~~~~~~~~~
5 warnings generated when compiling for gfx942.
/home/hotaisle/ck_lds_gemm.cpp:61:5: warning: ignoring return value of type 'hipError_t' declared with 'nodiscard' attribute [-Wunused-value]
   61 |     hipFree(bs); hipFree(as); hipFree(c); hipFree(b); hipFree(a);
      |     ^~~~~~~~~~~
/home/hotaisle/ck_lds_gemm.cpp:61:18: warning: ignoring return value of type 'hipError_t' declared with 'nodiscard' attribute [-Wunused-value]
   61 |     hipFree(bs); hipFree(as); hipFree(c); hipFree(b); hipFree(a);
      |                  ^~~~~~~~~~~
/home/hotaisle/ck_lds_gemm.cpp:61:31: warning: ignoring return value of type 'hipError_t' declared with 'nodiscard' attribute [-Wunused-value]
   61 |     hipFree(bs); hipFree(as); hipFree(c); hipFree(b); hipFree(a);
      |                               ^~~~~~~~~~
/home/hotaisle/ck_lds_gemm.cpp:61:43: warning: ignoring return value of type 'hipError_t' declared with 'nodiscard' attribute [-Wunused-value]
   61 |     hipFree(bs); hipFree(as); hipFree(c); hipFree(b); hipFree(a);
      |                                           ^~~~~~~~~~
/home/hotaisle/ck_lds_gemm.cpp:61:55: warning: ignoring return value of type 'hipError_t' declared with 'nodiscard' attribute [-Wunused-value]
   61 |     hipFree(bs); hipFree(as); hipFree(c); hipFree(b); hipFree(a);
      |                                                       ^~~~~~~~~~
5 warnings generated when compiling for host.
